﻿  Determinando los proyectos que se van a restaurar...
  Todos los proyectos est├ín actualizados para la restauraci├│n.
C:\Users\johan\Desktop\repositorios\UniversidadQ2\DWSC\Actividad_3\UniversidadAPI\Interfaces\IUsuarioService.cs(7,26): error CS0246: El nombre del tipo o del espacio de nombres 'Usuario' no se encontr├│ (┬┐falta una directiva using o una referencia de ensamblado?) [C:\Users\johan\Desktop\repositorios\UniversidadQ2\DWSC\Actividad_3\UniversidadAPI\UniversidadAPI.csproj]
C:\Users\johan\Desktop\repositorios\UniversidadQ2\DWSC\Actividad_3\UniversidadAPI\Interfaces\IUsuarioService.cs(8,14): error CS0246: El nombre del tipo o del espacio de nombres 'Usuario' no se encontr├│ (┬┐falta una directiva using o una referencia de ensamblado?) [C:\Users\johan\Desktop\repositorios\UniversidadQ2\DWSC\Actividad_3\UniversidadAPI\UniversidadAPI.csproj]
C:\Users\johan\Desktop\repositorios\UniversidadQ2\DWSC\Actividad_3\UniversidadAPI\Controllers\UsuariosController.cs(21,52): error CS0246: El nombre del tipo o del espacio de nombres 'Usuario' no se encontr├│ (┬┐falta una directiva using o una referencia de ensamblado?) [C:\Users\johan\Desktop\repositorios\UniversidadQ2\DWSC\Actividad_3\UniversidadAPI\UniversidadAPI.csproj]
C:\Users\johan\Desktop\repositorios\UniversidadQ2\DWSC\Actividad_3\UniversidadAPI\Interfaces\IUsuarioService.cs(9,30): error CS0246: El nombre del tipo o del espacio de nombres 'Usuario' no se encontr├│ (┬┐falta una directiva using o una referencia de ensamblado?) [C:\Users\johan\Desktop\repositorios\UniversidadQ2\DWSC\Actividad_3\UniversidadAPI\UniversidadAPI.csproj]
C:\Users\johan\Desktop\repositorios\UniversidadQ2\DWSC\Actividad_3\UniversidadAPI\Controllers\UsuariosController.cs(37,40): error CS0246: El nombre del tipo o del espacio de nombres 'Usuario' no se encontr├│ (┬┐falta una directiva using o una referencia de ensamblado?) [C:\Users\johan\Desktop\repositorios\UniversidadQ2\DWSC\Actividad_3\UniversidadAPI\UniversidadAPI.csproj]
C:\Users\johan\Desktop\repositorios\UniversidadQ2\DWSC\Actividad_3\UniversidadAPI\Services\UsuarioService.cs(17,39): error CS0246: El nombre del tipo o del espacio de nombres 'Usuario' no se encontr├│ (┬┐falta una directiva using o una referencia de ensamblado?) [C:\Users\johan\Desktop\repositorios\UniversidadQ2\DWSC\Actividad_3\UniversidadAPI\UniversidadAPI.csproj]
C:\Users\johan\Desktop\repositorios\UniversidadQ2\DWSC\Actividad_3\UniversidadAPI\Interfaces\IUsuarioService.cs(10,33): error CS0246: El nombre del tipo o del espacio de nombres 'Usuario' no se encontr├│ (┬┐falta una directiva using o una referencia de ensamblado?) [C:\Users\johan\Desktop\repositorios\UniversidadQ2\DWSC\Actividad_3\UniversidadAPI\UniversidadAPI.csproj]
C:\Users\johan\Desktop\repositorios\UniversidadQ2\DWSC\Actividad_3\UniversidadAPI\Services\UsuarioService.cs(23,27): error CS0246: El nombre del tipo o del espacio de nombres 'Usuario' no se encontr├│ (┬┐falta una directiva using o una referencia de ensamblado?) [C:\Users\johan\Desktop\repositorios\UniversidadQ2\DWSC\Actividad_3\UniversidadAPI\UniversidadAPI.csproj]
C:\Users\johan\Desktop\repositorios\UniversidadQ2\DWSC\Actividad_3\UniversidadAPI\Services\UsuarioService.cs(28,43): error CS0246: El nombre del tipo o del espacio de nombres 'Usuario' no se encontr├│ (┬┐falta una directiva using o una referencia de ensamblado?) [C:\Users\johan\Desktop\repositorios\UniversidadQ2\DWSC\Actividad_3\UniversidadAPI\UniversidadAPI.csproj]
C:\Users\johan\Desktop\repositorios\UniversidadQ2\DWSC\Actividad_3\UniversidadAPI\Controllers\UsuariosController.cs(65,62): error CS0246: El nombre del tipo o del espacio de nombres 'Usuario' no se encontr├│ (┬┐falta una directiva using o una referencia de ensamblado?) [C:\Users\johan\Desktop\repositorios\UniversidadQ2\DWSC\Actividad_3\UniversidadAPI\UniversidadAPI.csproj]
C:\Users\johan\Desktop\repositorios\UniversidadQ2\DWSC\Actividad_3\UniversidadAPI\Controllers\UsuariosController.cs(65,40): error CS0246: El nombre del tipo o del espacio de nombres 'Usuario' no se encontr├│ (┬┐falta una directiva using o una referencia de ensamblado?) [C:\Users\johan\Desktop\repositorios\UniversidadQ2\DWSC\Actividad_3\UniversidadAPI\UniversidadAPI.csproj]
C:\Users\johan\Desktop\repositorios\UniversidadQ2\DWSC\Actividad_3\UniversidadAPI\Services\UsuarioService.cs(34,46): error CS0246: El nombre del tipo o del espacio de nombres 'Usuario' no se encontr├│ (┬┐falta una directiva using o una referencia de ensamblado?) [C:\Users\johan\Desktop\repositorios\UniversidadQ2\DWSC\Actividad_3\UniversidadAPI\UniversidadAPI.csproj]
C:\Users\johan\Desktop\repositorios\UniversidadQ2\DWSC\Actividad_3\UniversidadAPI\Controllers\UsuariosController.cs(84,70): error CS0246: El nombre del tipo o del espacio de nombres 'Usuario' no se encontr├│ (┬┐falta una directiva using o una referencia de ensamblado?) [C:\Users\johan\Desktop\repositorios\UniversidadQ2\DWSC\Actividad_3\UniversidadAPI\UniversidadAPI.csproj]
C:\Users\johan\Desktop\repositorios\UniversidadQ2\DWSC\Actividad_3\UniversidadAPI\Views\Usuarios\UserDetail.cshtml(1,30): error CS0234: El tipo o el nombre del espacio de nombres 'Usuario' no existe en el espacio de nombres 'UniversidadAPI.Models' (┬┐falta alguna referencia de ensamblado?) [C:\Users\johan\Desktop\repositorios\UniversidadQ2\DWSC\Actividad_3\UniversidadAPI\UniversidadAPI.csproj]
C:\Users\johan\Desktop\repositorios\UniversidadQ2\DWSC\Actividad_3\UniversidadAPI\obj\Debug\net10.0\Microsoft.CodeAnalysis.Razor.Compiler\Microsoft.NET.Sdk.Razor.SourceGenerators.RazorSourceGenerator\Views\Usuarios\UserDetail_cshtml.g.cs(291,93): error CS0234: El tipo o el nombre del espacio de nombres 'Usuario' no existe en el espacio de nombres 'UniversidadAPI.Models' (┬┐falta alguna referencia de ensamblado?) [C:\Users\johan\Desktop\repositorios\UniversidadQ2\DWSC\Actividad_3\UniversidadAPI\UniversidadAPI.csproj]
C:\Users\johan\Desktop\repositorios\UniversidadQ2\DWSC\Actividad_3\UniversidadAPI\Views\Usuarios\UserTable.cshtml(1,42): error CS0234: El tipo o el nombre del espacio de nombres 'Usuario' no existe en el espacio de nombres 'UniversidadAPI.Models' (┬┐falta alguna referencia de ensamblado?) [C:\Users\johan\Desktop\repositorios\UniversidadQ2\DWSC\Actividad_3\UniversidadAPI\UniversidadAPI.csproj]
C:\Users\johan\Desktop\repositorios\UniversidadQ2\DWSC\Actividad_3\UniversidadAPI\obj\Debug\net10.0\Microsoft.CodeAnalysis.Razor.Compiler\Microsoft.NET.Sdk.Razor.SourceGenerators.RazorSourceGenerator\Views\Usuarios\UserTable_cshtml.g.cs(317,105): error CS0234: El tipo o el nombre del espacio de nombres 'Usuario' no existe en el espacio de nombres 'UniversidadAPI.Models' (┬┐falta alguna referencia de ensamblado?) [C:\Users\johan\Desktop\repositorios\UniversidadQ2\DWSC\Actividad_3\UniversidadAPI\UniversidadAPI.csproj]

ERROR al compilar.

C:\Users\johan\Desktop\repositorios\UniversidadQ2\DWSC\Actividad_3\UniversidadAPI\Interfaces\IUsuarioService.cs(7,26): error CS0246: El nombre del tipo o del espacio de nombres 'Usuario' no se encontr├│ (┬┐falta una directiva using o una referencia de ensamblado?) [C:\Users\johan\Desktop\repositorios\UniversidadQ2\DWSC\Actividad_3\UniversidadAPI\UniversidadAPI.csproj]
C:\Users\johan\Desktop\repositorios\UniversidadQ2\DWSC\Actividad_3\UniversidadAPI\Interfaces\IUsuarioService.cs(8,14): error CS0246: El nombre del tipo o del espacio de nombres 'Usuario' no se encontr├│ (┬┐falta una directiva using o una referencia de ensamblado?) [C:\Users\johan\Desktop\repositorios\UniversidadQ2\DWSC\Actividad_3\UniversidadAPI\UniversidadAPI.csproj]
C:\Users\johan\Desktop\repositorios\UniversidadQ2\DWSC\Actividad_3\UniversidadAPI\Controllers\UsuariosController.cs(21,52): error CS0246: El nombre del tipo o del espacio de nombres 'Usuario' no se encontr├│ (┬┐falta una directiva using o una referencia de ensamblado?) [C:\Users\johan\Desktop\repositorios\UniversidadQ2\DWSC\Actividad_3\UniversidadAPI\UniversidadAPI.csproj]
C:\Users\johan\Desktop\repositorios\UniversidadQ2\DWSC\Actividad_3\UniversidadAPI\Interfaces\IUsuarioService.cs(9,30): error CS0246: El nombre del tipo o del espacio de nombres 'Usuario' no se encontr├│ (┬┐falta una directiva using o una referencia de ensamblado?) [C:\Users\johan\Desktop\repositorios\UniversidadQ2\DWSC\Actividad_3\UniversidadAPI\UniversidadAPI.csproj]
C:\Users\johan\Desktop\repositorios\UniversidadQ2\DWSC\Actividad_3\UniversidadAPI\Controllers\UsuariosController.cs(37,40): error CS0246: El nombre del tipo o del espacio de nombres 'Usuario' no se encontr├│ (┬┐falta una directiva using o una referencia de ensamblado?) [C:\Users\johan\Desktop\repositorios\UniversidadQ2\DWSC\Actividad_3\UniversidadAPI\UniversidadAPI.csproj]
C:\Users\johan\Desktop\repositorios\UniversidadQ2\DWSC\Actividad_3\UniversidadAPI\Services\UsuarioService.cs(17,39): error CS0246: El nombre del tipo o del espacio de nombres 'Usuario' no se encontr├│ (┬┐falta una directiva using o una referencia de ensamblado?) [C:\Users\johan\Desktop\repositorios\UniversidadQ2\DWSC\Actividad_3\UniversidadAPI\UniversidadAPI.csproj]
C:\Users\johan\Desktop\repositorios\UniversidadQ2\DWSC\Actividad_3\UniversidadAPI\Interfaces\IUsuarioService.cs(10,33): error CS0246: El nombre del tipo o del espacio de nombres 'Usuario' no se encontr├│ (┬┐falta una directiva using o una referencia de ensamblado?) [C:\Users\johan\Desktop\repositorios\UniversidadQ2\DWSC\Actividad_3\UniversidadAPI\UniversidadAPI.csproj]
C:\Users\johan\Desktop\repositorios\UniversidadQ2\DWSC\Actividad_3\UniversidadAPI\Services\UsuarioService.cs(23,27): error CS0246: El nombre del tipo o del espacio de nombres 'Usuario' no se encontr├│ (┬┐falta una directiva using o una referencia de ensamblado?) [C:\Users\johan\Desktop\repositorios\UniversidadQ2\DWSC\Actividad_3\UniversidadAPI\UniversidadAPI.csproj]
C:\Users\johan\Desktop\repositorios\UniversidadQ2\DWSC\Actividad_3\UniversidadAPI\Services\UsuarioService.cs(28,43): error CS0246: El nombre del tipo o del espacio de nombres 'Usuario' no se encontr├│ (┬┐falta una directiva using o una referencia de ensamblado?) [C:\Users\johan\Desktop\repositorios\UniversidadQ2\DWSC\Actividad_3\UniversidadAPI\UniversidadAPI.csproj]
C:\Users\johan\Desktop\repositorios\UniversidadQ2\DWSC\Actividad_3\UniversidadAPI\Controllers\UsuariosController.cs(65,62): error CS0246: El nombre del tipo o del espacio de nombres 'Usuario' no se encontr├│ (┬┐falta una directiva using o una referencia de ensamblado?) [C:\Users\johan\Desktop\repositorios\UniversidadQ2\DWSC\Actividad_3\UniversidadAPI\UniversidadAPI.csproj]
C:\Users\johan\Desktop\repositorios\UniversidadQ2\DWSC\Actividad_3\UniversidadAPI\Controllers\UsuariosController.cs(65,40): error CS0246: El nombre del tipo o del espacio de nombres 'Usuario' no se encontr├│ (┬┐falta una directiva using o una referencia de ensamblado?) [C:\Users\johan\Desktop\repositorios\UniversidadQ2\DWSC\Actividad_3\UniversidadAPI\UniversidadAPI.csproj]
C:\Users\johan\Desktop\repositorios\UniversidadQ2\DWSC\Actividad_3\UniversidadAPI\Services\UsuarioService.cs(34,46): error CS0246: El nombre del tipo o del espacio de nombres 'Usuario' no se encontr├│ (┬┐falta una directiva using o una referencia de ensamblado?) [C:\Users\johan\Desktop\repositorios\UniversidadQ2\DWSC\Actividad_3\UniversidadAPI\UniversidadAPI.csproj]
C:\Users\johan\Desktop\repositorios\UniversidadQ2\DWSC\Actividad_3\UniversidadAPI\Controllers\UsuariosController.cs(84,70): error CS0246: El nombre del tipo o del espacio de nombres 'Usuario' no se encontr├│ (┬┐falta una directiva using o una referencia de ensamblado?) [C:\Users\johan\Desktop\repositorios\UniversidadQ2\DWSC\Actividad_3\UniversidadAPI\UniversidadAPI.csproj]
C:\Users\johan\Desktop\repositorios\UniversidadQ2\DWSC\Actividad_3\UniversidadAPI\Views\Usuarios\UserDetail.cshtml(1,30): error CS0234: El tipo o el nombre del espacio de nombres 'Usuario' no existe en el espacio de nombres 'UniversidadAPI.Models' (┬┐falta alguna referencia de ensamblado?) [C:\Users\johan\Desktop\repositorios\UniversidadQ2\DWSC\Actividad_3\UniversidadAPI\UniversidadAPI.csproj]
C:\Users\johan\Desktop\repositorios\UniversidadQ2\DWSC\Actividad_3\UniversidadAPI\obj\Debug\net10.0\Microsoft.CodeAnalysis.Razor.Compiler\Microsoft.NET.Sdk.Razor.SourceGenerators.RazorSourceGenerator\Views\Usuarios\UserDetail_cshtml.g.cs(291,93): error CS0234: El tipo o el nombre del espacio de nombres 'Usuario' no existe en el espacio de nombres 'UniversidadAPI.Models' (┬┐falta alguna referencia de ensamblado?) [C:\Users\johan\Desktop\repositorios\UniversidadQ2\DWSC\Actividad_3\UniversidadAPI\UniversidadAPI.csproj]
C:\Users\johan\Desktop\repositorios\UniversidadQ2\DWSC\Actividad_3\UniversidadAPI\Views\Usuarios\UserTable.cshtml(1,42): error CS0234: El tipo o el nombre del espacio de nombres 'Usuario' no existe en el espacio de nombres 'UniversidadAPI.Models' (┬┐falta alguna referencia de ensamblado?) [C:\Users\johan\Desktop\repositorios\UniversidadQ2\DWSC\Actividad_3\UniversidadAPI\UniversidadAPI.csproj]
C:\Users\johan\Desktop\repositorios\UniversidadQ2\DWSC\Actividad_3\UniversidadAPI\obj\Debug\net10.0\Microsoft.CodeAnalysis.Razor.Compiler\Microsoft.NET.Sdk.Razor.SourceGenerators.RazorSourceGenerator\Views\Usuarios\UserTable_cshtml.g.cs(317,105): error CS0234: El tipo o el nombre del espacio de nombres 'Usuario' no existe en el espacio de nombres 'UniversidadAPI.Models' (┬┐falta alguna referencia de ensamblado?) [C:\Users\johan\Desktop\repositorios\UniversidadQ2\DWSC\Actividad_3\UniversidadAPI\UniversidadAPI.csproj]
    0 Advertencia(s)
    17 Errores

Tiempo transcurrido 00:00:01.11
